// Jest Snapshot v1, https://goo.gl/fbAQLP

exports[`<Uploader /> should change file 1`] = `
.c0 {
  border: 1px solid var(--border-color);
  border-radius: 0.4rem;
  box-shadow: 1px 1px 3px var(--box-shadow);
  overflow: hidden;
  position: relative;
}

.c1 {
  background: var(--secondary-normal);
  padding: 2rem;
}

.c1 img {
  display: block;
  max-width: 100%;
  max-height: 17rem;
  margin: 0 auto;
}

.c2 {
  padding: 2rem;
}

.c2 svg {
  display: block;
  width: 2.4rem;
  height: 2.4rem;
  fill: var(--primary-normal);
  margin: 0 auto;
}

.c2 span {
  display: block;
  font-size: var(--font-size-normal);
  margin: 1rem 0 0;
  text-align: center;
}

.c2 small {
  color: var(--border-color-focus);
  display: block;
  font-size: var(--font-size-smaller);
  margin: 0.5rem 0 0;
  text-align: center;
}

.c3 {
  bottom: 0;
  cursor: pointer;
  left: 0;
  opacity: 0;
  position: absolute;
  right: 0;
  top: 0;
  width: 100%;
}

<div>
  <div
    class="c0"
  >
    <div
      class="c1"
    >
      <img
        src="data:image/jpeg;base64,KOKMkOKWoV/ilqEp"
      />
    </div>
    <div
      class="c2"
    >
      <svg
        height="16"
        viewBox="0 0 26 28"
        width="16"
        xmlns="http://www.w3.org/2000/svg"
      >
        <path
          d="M20 23c0-0.547-0.453-1-1-1s-1 0.453-1 1 0.453 1 1 1 1-0.453 1-1zM24 23c0-0.547-0.453-1-1-1s-1 0.453-1 1 0.453 1 1 1 1-0.453 1-1zM26 19.5v5c0 0.828-0.672 1.5-1.5 1.5h-23c-0.828 0-1.5-0.672-1.5-1.5v-5c0-0.828 0.672-1.5 1.5-1.5h6.672c0.422 1.156 1.531 2 2.828 2h4c1.297 0 2.406-0.844 2.828-2h6.672c0.828 0 1.5 0.672 1.5 1.5zM20.922 9.375c-0.156 0.375-0.516 0.625-0.922 0.625h-4v7c0 0.547-0.453 1-1 1h-4c-0.547 0-1-0.453-1-1v-7h-4c-0.406 0-0.766-0.25-0.922-0.625-0.156-0.359-0.078-0.797 0.219-1.078l7-7c0.187-0.203 0.453-0.297 0.703-0.297s0.516 0.094 0.703 0.297l7 7c0.297 0.281 0.375 0.719 0.219 1.078z"
        />
      </svg>
      <span>
        Upload new photo
      </span>
      <small>
        (only jpg and png)
      </small>
      <input
        class="c3"
        name="uploader"
        type="file"
      />
    </div>
  </div>
</div>
`;

exports[`<Uploader /> should render error 1`] = `
.c0 {
  border: 1px solid var(--border-color);
  border-radius: 0.4rem;
  box-shadow: 1px 1px 3px var(--box-shadow);
  overflow: hidden;
  position: relative;
}

.c1 {
  padding: 2rem;
}

.c1 svg {
  display: block;
  width: 2.4rem;
  height: 2.4rem;
  fill: var(--primary-normal);
  margin: 0 auto;
}

.c1 span {
  display: block;
  font-size: var(--font-size-normal);
  margin: 1rem 0 0;
  text-align: center;
}

.c1 small {
  color: var(--border-color-focus);
  display: block;
  font-size: var(--font-size-smaller);
  margin: 0.5rem 0 0;
  text-align: center;
}

.c2 {
  bottom: 0;
  cursor: pointer;
  left: 0;
  opacity: 0;
  position: absolute;
  right: 0;
  top: 0;
  width: 100%;
}

.c3 {
  color: var(--error-normal);
  font-size: var(--font-size-smaller);
  margin: 0.8rem 0 2rem;
  text-align: center;
}

<div>
  <div
    class="c0"
  >
    <div
      class="c1"
    >
      <svg
        height="16"
        viewBox="0 0 26 28"
        width="16"
        xmlns="http://www.w3.org/2000/svg"
      >
        <path
          d="M20 23c0-0.547-0.453-1-1-1s-1 0.453-1 1 0.453 1 1 1 1-0.453 1-1zM24 23c0-0.547-0.453-1-1-1s-1 0.453-1 1 0.453 1 1 1 1-0.453 1-1zM26 19.5v5c0 0.828-0.672 1.5-1.5 1.5h-23c-0.828 0-1.5-0.672-1.5-1.5v-5c0-0.828 0.672-1.5 1.5-1.5h6.672c0.422 1.156 1.531 2 2.828 2h4c1.297 0 2.406-0.844 2.828-2h6.672c0.828 0 1.5 0.672 1.5 1.5zM20.922 9.375c-0.156 0.375-0.516 0.625-0.922 0.625h-4v7c0 0.547-0.453 1-1 1h-4c-0.547 0-1-0.453-1-1v-7h-4c-0.406 0-0.766-0.25-0.922-0.625-0.156-0.359-0.078-0.797 0.219-1.078l7-7c0.187-0.203 0.453-0.297 0.703-0.297s0.516 0.094 0.703 0.297l7 7c0.297 0.281 0.375 0.719 0.219 1.078z"
        />
      </svg>
      <span>
        Upload new photo
      </span>
      <small>
        (only jpg and png)
      </small>
      <input
        class="c2"
        name="uploader"
        type="file"
      />
    </div>
    <div
      class="c3"
    >
      This file is not allowed
    </div>
  </div>
</div>
`;

exports[`<Uploader /> should render uploader 1`] = `
.c0 {
  border: 1px solid var(--border-color);
  border-radius: 0.4rem;
  box-shadow: 1px 1px 3px var(--box-shadow);
  overflow: hidden;
  position: relative;
}

.c1 {
  padding: 2rem;
}

.c1 svg {
  display: block;
  width: 2.4rem;
  height: 2.4rem;
  fill: var(--primary-normal);
  margin: 0 auto;
}

.c1 span {
  display: block;
  font-size: var(--font-size-normal);
  margin: 1rem 0 0;
  text-align: center;
}

.c1 small {
  color: var(--border-color-focus);
  display: block;
  font-size: var(--font-size-smaller);
  margin: 0.5rem 0 0;
  text-align: center;
}

.c2 {
  bottom: 0;
  cursor: pointer;
  left: 0;
  opacity: 0;
  position: absolute;
  right: 0;
  top: 0;
  width: 100%;
}

<div>
  <div
    class="c0"
  >
    <div
      class="c1"
    >
      <svg
        height="16"
        viewBox="0 0 26 28"
        width="16"
        xmlns="http://www.w3.org/2000/svg"
      >
        <path
          d="M20 23c0-0.547-0.453-1-1-1s-1 0.453-1 1 0.453 1 1 1 1-0.453 1-1zM24 23c0-0.547-0.453-1-1-1s-1 0.453-1 1 0.453 1 1 1 1-0.453 1-1zM26 19.5v5c0 0.828-0.672 1.5-1.5 1.5h-23c-0.828 0-1.5-0.672-1.5-1.5v-5c0-0.828 0.672-1.5 1.5-1.5h6.672c0.422 1.156 1.531 2 2.828 2h4c1.297 0 2.406-0.844 2.828-2h6.672c0.828 0 1.5 0.672 1.5 1.5zM20.922 9.375c-0.156 0.375-0.516 0.625-0.922 0.625h-4v7c0 0.547-0.453 1-1 1h-4c-0.547 0-1-0.453-1-1v-7h-4c-0.406 0-0.766-0.25-0.922-0.625-0.156-0.359-0.078-0.797 0.219-1.078l7-7c0.187-0.203 0.453-0.297 0.703-0.297s0.516 0.094 0.703 0.297l7 7c0.297 0.281 0.375 0.719 0.219 1.078z"
        />
      </svg>
      <span>
        Upload new photo
      </span>
      <small>
        (only jpg and png)
      </small>
      <input
        class="c2"
        name="uploader"
        type="file"
      />
    </div>
  </div>
</div>
`;

exports[`<Uploader /> should render uploader with preview 1`] = `
.c0 {
  border: 1px solid var(--border-color);
  border-radius: 0.4rem;
  box-shadow: 1px 1px 3px var(--box-shadow);
  overflow: hidden;
  position: relative;
}

.c1 {
  background: var(--secondary-normal);
  padding: 2rem;
}

.c1 img {
  display: block;
  max-width: 100%;
  max-height: 17rem;
  margin: 0 auto;
}

.c2 {
  padding: 2rem;
}

.c2 svg {
  display: block;
  width: 2.4rem;
  height: 2.4rem;
  fill: var(--primary-normal);
  margin: 0 auto;
}

.c2 span {
  display: block;
  font-size: var(--font-size-normal);
  margin: 1rem 0 0;
  text-align: center;
}

.c2 small {
  color: var(--border-color-focus);
  display: block;
  font-size: var(--font-size-smaller);
  margin: 0.5rem 0 0;
  text-align: center;
}

.c3 {
  bottom: 0;
  cursor: pointer;
  left: 0;
  opacity: 0;
  position: absolute;
  right: 0;
  top: 0;
  width: 100%;
}

<div>
  <div
    class="c0"
  >
    <div
      class="c1"
    >
      <img
        src="file.jpg"
      />
    </div>
    <div
      class="c2"
    >
      <svg
        height="16"
        viewBox="0 0 26 28"
        width="16"
        xmlns="http://www.w3.org/2000/svg"
      >
        <path
          d="M20 23c0-0.547-0.453-1-1-1s-1 0.453-1 1 0.453 1 1 1 1-0.453 1-1zM24 23c0-0.547-0.453-1-1-1s-1 0.453-1 1 0.453 1 1 1 1-0.453 1-1zM26 19.5v5c0 0.828-0.672 1.5-1.5 1.5h-23c-0.828 0-1.5-0.672-1.5-1.5v-5c0-0.828 0.672-1.5 1.5-1.5h6.672c0.422 1.156 1.531 2 2.828 2h4c1.297 0 2.406-0.844 2.828-2h6.672c0.828 0 1.5 0.672 1.5 1.5zM20.922 9.375c-0.156 0.375-0.516 0.625-0.922 0.625h-4v7c0 0.547-0.453 1-1 1h-4c-0.547 0-1-0.453-1-1v-7h-4c-0.406 0-0.766-0.25-0.922-0.625-0.156-0.359-0.078-0.797 0.219-1.078l7-7c0.187-0.203 0.453-0.297 0.703-0.297s0.516 0.094 0.703 0.297l7 7c0.297 0.281 0.375 0.719 0.219 1.078z"
        />
      </svg>
      <span>
        Upload new photo
      </span>
      <small>
        (only jpg and png)
      </small>
      <input
        class="c3"
        name="uploader"
        type="file"
      />
    </div>
  </div>
</div>
`;
