// Jest Snapshot v1, https://goo.gl/fbAQLP

exports[`<ModalEditPhoto /> should load photo 1`] = `
<DocumentFragment>
  <h1
    class="c-eskfFe"
  >
    Edit photo
  </h1>
  <form
    action=""
    enctype="multipart/form-data"
    method="POST"
  >
    <div
      class="c-dMoIJA"
    >
      <label
        class="c-iKAemi"
        for="title"
      >
        Title
      </label>
      <input
        class="c-hjpsDP"
        data-testid="title"
        id="title"
        name="title"
        type="text"
        value="Single photography"
      />
    </div>
    <div
      class="c-dMoIJA"
    >
      <label
        class="c-iKAemi"
        for="description"
      >
        Description
      </label>
      <input
        class="c-hjpsDP"
        data-testid="description"
        id="description"
        name="description"
        type="text"
        value="Janvier 2019"
      />
    </div>
    <div
      class="c-dMoIJA"
    >
      <label
        class="c-iKAemi"
        for="file"
      >
        Photo
      </label>
      <div
        class="c-iNomHb"
      >
        <div
          class="c-ktAHvd c-ktAHvd-itDbsJ-css"
        >
          <img
            src="/uploads/01d2tf2h38pwcd953ans2f64p7.jpg"
          />
        </div>
        <div
          class="c-cpxbDL"
        >
          <svg
            height="16"
            viewBox="0 0 26 28"
            width="16"
            xmlns="http://www.w3.org/2000/svg"
          >
            <path
              d="M20 23c0-0.547-0.453-1-1-1s-1 0.453-1 1 0.453 1 1 1 1-0.453 1-1zM24 23c0-0.547-0.453-1-1-1s-1 0.453-1 1 0.453 1 1 1 1-0.453 1-1zM26 19.5v5c0 0.828-0.672 1.5-1.5 1.5h-23c-0.828 0-1.5-0.672-1.5-1.5v-5c0-0.828 0.672-1.5 1.5-1.5h6.672c0.422 1.156 1.531 2 2.828 2h4c1.297 0 2.406-0.844 2.828-2h6.672c0.828 0 1.5 0.672 1.5 1.5zM20.922 9.375c-0.156 0.375-0.516 0.625-0.922 0.625h-4v7c0 0.547-0.453 1-1 1h-4c-0.547 0-1-0.453-1-1v-7h-4c-0.406 0-0.766-0.25-0.922-0.625-0.156-0.359-0.078-0.797 0.219-1.078l7-7c0.187-0.203 0.453-0.297 0.703-0.297s0.516 0.094 0.703 0.297l7 7c0.297 0.281 0.375 0.719 0.219 1.078z"
            />
          </svg>
          <span>
            Upload new photo
          </span>
          <small>
            (only jpg and png)
          </small>
          <input
            class="c-jdaWEC"
            name="file"
            type="file"
          />
        </div>
      </div>
    </div>
    <div
      class="c-dMoIJA c-TAzET"
    >
      <label
        class="c-iKAemi"
        for="position"
      >
        Position
      </label>
      <div
        class="c-gMvCio"
      >
        <select
          class="c-iGJQuL"
          id="position"
          name="position"
          required=""
        >
          <option
            value="left"
          >
            Left
          </option>
          <option
            selected=""
            value="center"
          >
            Center
          </option>
          <option
            value="right"
          >
            Right
          </option>
        </select>
        <svg
          height="14"
          viewBox="0 0 9 28"
          width="9"
          xmlns="http://www.w3.org/2000/svg"
        >
          <path
            d="M9.297 15c0 0.125-0.063 0.266-0.156 0.359l-7.281 7.281c-0.094 0.094-0.234 0.156-0.359 0.156s-0.266-0.063-0.359-0.156l-0.781-0.781c-0.094-0.094-0.156-0.219-0.156-0.359 0-0.125 0.063-0.266 0.156-0.359l6.141-6.141-6.141-6.141c-0.094-0.094-0.156-0.234-0.156-0.359s0.063-0.266 0.156-0.359l0.781-0.781c0.094-0.094 0.234-0.156 0.359-0.156s0.266 0.063 0.359 0.156l7.281 7.281c0.094 0.094 0.156 0.234 0.156 0.359z"
          />
        </svg>
      </div>
    </div>
    <input
      class="c-VRFby"
      data-testid="submit"
      type="submit"
      value="Save"
    />
  </form>
</DocumentFragment>
`;
