// Jest Snapshot v1, https://goo.gl/fbAQLP

exports[`<Layout /> should render component with restricted access 1`] = `
<div>
  <p>
    Content
  </p>
</div>
`;

exports[`<Layout /> should render component without restricted access (loading satus) 1`] = `
.c0 {
  margin: 2rem 0;
  -webkit-animation: jBcSpD 800ms ease-in-out infinite alternate;
  animation: jBcSpD 800ms ease-in-out infinite alternate;
}

.c0:after {
  background: var(--primary-normal);
  border-radius: 50%;
  content: '';
  display: block;
  height: 1rem;
  width: 1rem;
  margin: 0 auto;
}

<div>
  <div
    class="c0"
  />
</div>
`;

exports[`<Layout /> should render component without restricted access 1`] = `
.c10 {
  -webkit-appearance: none;
  -moz-appearance: none;
  appearance: none;
  background: none;
  border: none;
  color: currentColor;
  cursor: pointer;
  display: -webkit-inline-box;
  display: -webkit-inline-flex;
  display: -ms-inline-flexbox;
  display: inline-flex;
  font-family: var(--font-family);
  outline: none;
  padding: 0;
  margin: 0;
}

.c11 {
  border-radius: 0.2rem;
  font-size: var(--font-size-smaller);
  line-height: 1.3333333;
  padding: 1.6rem;
  -webkit-transition: background 150ms ease-out;
  transition: background 150ms ease-out;
}

.c11 > svg {
  margin: 0 -0.4rem 0 0.4rem;
}

.c9 + .c9 {
  margin: 0 0 0 0.8rem;
}

.c0 {
  display: grid;
  grid-template-columns: 15rem auto;
  grid-template-rows: 6rem auto;
  grid-template-areas: 'title toolbar' 'sidebar content';
  min-height: 100vh;
}

.c2 {
  grid-area: sidebar;
}

.c13 {
  background: var(--white);
  border-left: 1px solid var(--gray-normal);
  box-shadow: 0 6px 6px #e0dede;
  grid-area: content;
  padding: 2rem;
}

.c1 {
  font-size: 2rem;
  font-weight: 500;
  grid-area: title;
  line-height: 6rem;
  margin: 0;
  text-align: center;
}

.c6 {
  display: -webkit-box;
  display: -webkit-flex;
  display: -ms-flexbox;
  display: flex;
  -webkit-align-items: center;
  -webkit-box-align: center;
  -ms-flex-align: center;
  align-items: center;
  color: var(--text-normal);
  font-size: var(--font-size-smaller);
  box-shadow: 0 1px 0 var(--white) inset;
  line-height: 1.4;
  padding: 2rem 2rem 2rem 4rem;
}

.c6:hover {
  color: var(--primary-normal);
}

.c6 > svg {
  margin: 0 0 0 0.4rem;
}

.c12 {
  background: transparent;
  color: var(--white);
  border: 1px solid var(--white);
  display: block;
  line-height: 1;
  max-width: 10rem;
  padding: 0.8rem 1.2rem;
}

.c12:hover {
  background: var(--white);
  color: var(--text-normal);
}

.c7 {
  grid-area: toolbar;
  position: -webkit-sticky;
  position: sticky;
  top: 0;
  z-index: 10;
}

.c8 {
  background: var(--toolbar-bg);
  color: var(--white);
  display: -webkit-box;
  display: -webkit-flex;
  display: -ms-flexbox;
  display: flex;
  height: var(--toolbar-height);
  -webkit-box-pack: end;
  -webkit-justify-content: flex-end;
  -ms-flex-pack: end;
  justify-content: flex-end;
  padding: 1.2rem 2rem;
}

.c8 > p {
  -webkit-align-items: center;
  -webkit-box-align: center;
  -ms-flex-align: center;
  align-items: center;
  display: -webkit-box;
  display: -webkit-flex;
  display: -ms-flexbox;
  display: flex;
  margin: 0;
}

.c3 {
  list-style: none;
  margin: 0;
  padding: 0;
}

.c4 a {
  background: var(--tab-active) !important;
  border-bottom: none;
  border-radius: 0.2rem 0.2rem 0 0;
  color: var(--text-normal);
  display: block;
  font-size: var(--font-size-normal);
  padding: 2rem 2rem 2rem 4rem;
  -webkit-text-decoration: none;
  text-decoration: none;
  -webkit-transition: background 150ms ease-out;
  transition: background 150ms ease-out;
}

.c4 a:hover {
  background: var(--tab-hover);
}

.c5 a {
  background: var(--tab-default);
  border-bottom: none;
  border-radius: 0.2rem 0.2rem 0 0;
  color: var(--text-normal);
  display: block;
  font-size: var(--font-size-normal);
  padding: 2rem 2rem 2rem 4rem;
  -webkit-text-decoration: none;
  text-decoration: none;
  -webkit-transition: background 150ms ease-out;
  transition: background 150ms ease-out;
}

.c5 a:hover {
  background: var(--tab-hover);
}

<div>
  <div
    class="c0"
  >
    <h1
      class="c1"
    >
      Journal
    </h1>
    <div
      class="c2"
    >
      <ul
        class="c3"
      >
        <li
          class="c4"
        >
          <a
            href="/admin/photos"
          >
            Photos
          </a>
        </li>
        <li
          class="c5"
        >
          <a
            href="/admin/subscriptions"
          >
            Subscriptions
          </a>
        </li>
      </ul>
      <a
        class="c6"
        href="/"
      >
        View website
        <svg
          height="14"
          viewBox="0 0 9 28"
          width="9"
          xmlns="http://www.w3.org/2000/svg"
        >
          <path
            d="M9.297 15c0 0.125-0.063 0.266-0.156 0.359l-7.281 7.281c-0.094 0.094-0.234 0.156-0.359 0.156s-0.266-0.063-0.359-0.156l-0.781-0.781c-0.094-0.094-0.156-0.219-0.156-0.359 0-0.125 0.063-0.266 0.156-0.359l6.141-6.141-6.141-6.141c-0.094-0.094-0.156-0.234-0.156-0.359s0.063-0.266 0.156-0.359l0.781-0.781c0.094-0.094 0.234-0.156 0.359-0.156s0.266 0.063 0.359 0.156l7.281 7.281c0.094 0.094 0.156 0.234 0.156 0.359z"
          />
        </svg>
      </a>
    </div>
    <div
      class="c7"
    >
      <div
        class="c8"
      >
        <button
          class="c9 c10 c11 c12"
        >
          Sign out
        </button>
      </div>
    </div>
    <div
      class="c13"
    >
      <p>
        Content
      </p>
    </div>
  </div>
</div>
`;
