// Jest Snapshot v1, https://goo.gl/fbAQLP

exports[`<Flash /> should close message 1`] = `
<DocumentFragment>
  <div
    class="c-fyLyTf c-fyLyTf-kioelQ-status-default"
  >
    Flash message
    <button
      class="c-ggYOOi c-eUyIYb c-hrWJbv"
    >
      <svg
        height="16"
        viewBox="0 0 22 28"
        width="16"
        xmlns="http://www.w3.org/2000/svg"
      >
        <path
          d="M20.281 20.656c0 0.391-0.156 0.781-0.438 1.062l-2.125 2.125c-0.281 0.281-0.672 0.438-1.062 0.438s-0.781-0.156-1.062-0.438l-4.594-4.594-4.594 4.594c-0.281 0.281-0.672 0.438-1.062 0.438s-0.781-0.156-1.062-0.438l-2.125-2.125c-0.281-0.281-0.438-0.672-0.438-1.062s0.156-0.781 0.438-1.062l4.594-4.594-4.594-4.594c-0.281-0.281-0.438-0.672-0.438-1.062s0.156-0.781 0.438-1.062l2.125-2.125c0.281-0.281 0.672-0.438 1.062-0.438s0.781 0.156 1.062 0.438l4.594 4.594 4.594-4.594c0.281-0.281 0.672-0.438 1.062-0.438s0.781 0.156 1.062 0.438l2.125 2.125c0.281 0.281 0.438 0.672 0.438 1.062s-0.156 0.781-0.438 1.062l-4.594 4.594 4.594 4.594c0.281 0.281 0.438 0.672 0.438 1.062z"
        />
      </svg>
    </button>
  </div>
</DocumentFragment>
`;

exports[`<Flash /> should render default message 1`] = `
<DocumentFragment>
  <div
    class="c-fyLyTf c-fyLyTf-kioelQ-status-default"
  >
    Flash message
  </div>
</DocumentFragment>
`;

exports[`<Flash /> should render error message 1`] = `
<DocumentFragment>
  <div
    class="c-fyLyTf c-fyLyTf-epOfjx-status-error"
  >
    Flash message
  </div>
</DocumentFragment>
`;

exports[`<Flash /> should render success message 1`] = `
<DocumentFragment>
  <div
    class="c-fyLyTf c-fyLyTf-eIkjtV-status-success"
  >
    Flash message
  </div>
</DocumentFragment>
`;
