// Jest Snapshot v1, https://goo.gl/fbAQLP

exports[`<Select /> should render select 1`] = `
.c0 {
  margin: 0 0 var(--gutter);
}

.c1 {
  display: -webkit-box;
  display: -webkit-flex;
  display: -ms-flexbox;
  display: flex;
  -webkit-align-items: center;
  -webkit-box-align: center;
  -ms-flex-align: center;
  align-items: center;
}

.c1 > label {
  margin: 0 1rem 0 0;
}

.c2 {
  display: block;
  font-size: 1.6rem;
  line-height: 1.5;
  margin: 0 0 1.2rem;
}

.c3 {
  position: relative;
}

.c3 svg {
  position: absolute;
  top: 50%;
  right: 0.9rem;
  bottom: 0;
  -webkit-transform: translate(0,-50%) rotate(90deg);
  -ms-transform: translate(0,-50%) rotate(90deg);
  transform: translate(0,-50%) rotate(90deg);
  pointer-events: none;
}

.c4 {
  -webkit-appearance: none;
  -moz-appearance: none;
  appearance: none;
  background: var(--form-input-bg);
  border: 1px solid var(--border-color);
  border-radius: 0.5rem;
  box-shadow: 1px 1px 3px var(--box-shadow);
  cursor: pointer;
  font-family: 'Roboto',Arial,sans-serif;
  font-size: var(--font-size-normal);
  outline: none;
  padding: 1.1rem 2.6rem 1.1rem 1.1rem;
}

.c4:focus {
  border-color: var(--border-color-focus);
}

<div>
  <div
    class="c0 c1"
  >
    <label
      class="c2"
      for="myselect"
    >
      My select
    </label>
    <div
      class="c3"
    >
      <select
        class="c4"
        id="myselect"
        name="myselect"
        required=""
      >
        <option
          value="option1"
        >
          option 1
        </option>
        <option
          selected=""
          value="option2"
        >
          option 2
        </option>
      </select>
      <svg
        height="14"
        viewBox="0 0 9 28"
        width="9"
        xmlns="http://www.w3.org/2000/svg"
      >
        <path
          d="M9.297 15c0 0.125-0.063 0.266-0.156 0.359l-7.281 7.281c-0.094 0.094-0.234 0.156-0.359 0.156s-0.266-0.063-0.359-0.156l-0.781-0.781c-0.094-0.094-0.156-0.219-0.156-0.359 0-0.125 0.063-0.266 0.156-0.359l6.141-6.141-6.141-6.141c-0.094-0.094-0.156-0.234-0.156-0.359s0.063-0.266 0.156-0.359l0.781-0.781c0.094-0.094 0.234-0.156 0.359-0.156s0.266 0.063 0.359 0.156l7.281 7.281c0.094 0.094 0.156 0.234 0.156 0.359z"
        />
      </svg>
    </div>
  </div>
</div>
`;
