// Jest Snapshot v1, https://goo.gl/fbAQLP

exports[`application/MediaService CREATE should create a media successfully 1`] = `
{
  "created_at": 2024-10-05T17:12:40.400Z,
  "id": 5,
  "name": Any<String>,
  "size": {
    "height": 3,
    "width": 3,
  },
  "type": "image",
}
`;

exports[`application/MediaService GET should get a media by identifier 1`] = `
{
  "created_at": 2024-10-05T17:12:40.400Z,
  "id": 1,
  "name": "abc.jpg",
  "size": {
    "height": 1093,
    "width": 1640,
  },
  "type": "image",
}
`;
