// Jest Snapshot v1, https://goo.gl/fbAQLP

exports[`<Notifications /> should not render component (user has blocked notifications) 1`] = `<DocumentFragment />`;
