// Jest Snapshot v1, https://goo.gl/fbAQLP

exports[`<Offline /> should not render component 1`] = `<DocumentFragment />`;

exports[`<Offline /> should render component 1`] = `
<DocumentFragment>
  <div
    class="c-fyLyTf c-fyLyTf-kHVEuQ-status-info c-fyLyTf-ibVwYlk-css"
  >
    You are currently offline. Connect to the internet for access to the latest photos
  </div>
</DocumentFragment>
`;
